;==============================================================================
; Variants to TECkit mapping file
; Input file name: Unihan_Variants.txt
; Output file name: Unihan_Variants.txt
; Daniel J. Greenhoe 
;
; This map file may be compiled using the program with parameter
;   teckit_compile.exe ascii-uipa.map
; to produce the file asii-uipa.tec .
; This file can in turn be used within an XeLaTeX environment.
;
; References:
; ----------
; 1. TIPA version 1.3  http://www.ctan.org/pkg/tipa
; 2. Unicode standard 6.0, IPA Extensions, http://unicode.org/charts/PDF/U0250.pdf
; 3. Handbook of the International Phonetic Association; 
;    A guide to the use of the International Phonetic Alphabet
;    Cambridge University Press, 1999, isbn 978-0-521-63751-0 (paperback)
; 4. symbol names: http://www.unicode.org/Public/UNIDATA/UnicodeData.txt
; 5. pronounciation: http://www.internationalphoneticalphabet.org/ipa-sounds/ipa-chart-with-sounds/
;==============================================================================
;
;=======================================
; Header information
;=======================================
;EncodingName          "tipa13-tipa-2011"
;DescriptiveName       "ASCII to Unicode 6.0 IPA symbols"
 LHSName               "ascii-symbols"
 RHSName               "unicode60-ipa"
 LHSDescription        "ASCII symbols"
 RHSDescription        "Unicode 6.0 IPA symbols"
;LHSFlags              ()
;RHSFlags              ()
 Version               "0"
 Contact               "Daniel J. Greenhoe, mailto:dgreenhoe@gmail.com"
;RegistrationAuthority ""
 RegistrationName      "ascii-uipa"
;
;=======================================
; Macros
;=======================================
Define BSL  reverse_solidus     ; U+005C 
Define FSL  solidus             ; U+002F /
Define COL  colon               ; U+003A :
Define SCO  semicolon           ; U+003B ;
Define AST  asterisk            ; U+002A *
Define LCB  left_curly_bracket  ; U+007B { 
Define RCB  right_curly_bracket ; U+007D } 
Define HYP  hyphen_minus        ; U+002D -
Define GTS  greater_than_sign   ; U+003E >
Define EXM  exclamation_mark    ; U+0021 !  
Define QUM  question_mark       ; U+003F ?  
Define VLN  vertical_line       ; U+007C |
Define TIL  tilde               ; U+007E ~
Define PER  full_stop           ; U+002E .
Define COM  comma               ; U+002C ,
;
;=======================================
;pass(Byte) ; Byte==>Byte mapping pass
;=======================================
;
;=======================================
;pass(Byte_Unicode) ; Byte==>Unicode mapping pass
;=======================================
;
;=======================================
;pass(Unicode_Byte) ; Unicode==>Byte mapping pass
;=======================================
;
;=======================================
 pass(Unicode) ; Unicode==>Unicode mapping pass
;=======================================
;---------------------------------------
; modifiers
;---------------------------------------
 quotation_mark                 <> modifier_letter_vertical_line                   ;tipa| U+0022 <> U+02C8  (primary stress) 
 quotation_mark quotation_mark  <> modifier_letter_low_vertical_line               ;tipa| ""     <> U+02CC  (secondary stress) 
 grave_accent                    > modifier_letter_low_vertical_line               ;    | U+0060 <> U+02CC  (secondary stress) 
 FSL COL                         > modifier_letter_triangular_colon                ;    | /:      > U+02D0  (long vowel)
;
;---------------------------------------
; plosive sounds
;---------------------------------------
;p                                                                                 ;tipa| U+0070 <> U+0070 (voiceless bilabial plosive)
;b                                                                                 ;tipa| U+0062 <> U+0062 (voiced    bilabial plosive)
;t                                                                                 ;tipa| U+0074 <> U+0074 (voiceless alveolar plosive)
;d                                                                                 ;tipa| U+0064 <> U+0064 (voiced    alveolar plosive)
 BSL COL latin_small_letter_t   <> latin_small_letter_t_with_retroflex_hook        ;tipa| \:t    <> U+0288 (voiceless retroflex plosive) 
 FSL COL latin_small_letter_t    > latin_small_letter_t_with_retroflex_hook        ;    | /:t    <> U+0288 (voiceless retroflex plosive) 
 BSL COL latin_small_letter_d   <> latin_small_letter_d_with_tail                  ;tipa| \:d    <> U+0256 (voiced    retroflex plosive) 
 FSL COL latin_small_letter_d    > latin_small_letter_d_with_tail                  ;    | /:d    <> U+0256 (voiced    retroflex plosive) 
;c                                                                                 ;tipa| U+0063 <> U+0063 (voiceless palatal plosive) 
;\textbardotless                <> latin_small_letter_dotless_j_with_stroke        ;tipa| ...    <> U+025F (voiced    palatal plosive) 
 FSL colon latin_small_letter_j  > latin_small_letter_dotless_j_with_stroke        ;    | /:j    <> U+025F (voiced    palatal   plosive) 
;k                                                                                 ;tipa| U+006B <> U+006B (voiceless velar  plosive)
 latin_small_letter_g           <> latin_small_letter_script_g                     ;tipa| U+0067 <> U+0261 (voiced    velar  plosive)
;q                                                                                 ;tipa| U+0071 <> U+0071 (voiceless uvular plosive)
 BSL SCO latin_capital_letter_G <> latin_letter_small_capital_G                    ;tipa| \;G    <> U+0262 (voiced uvular plosive)
 FSL SCO latin_capital_letter_G  > latin_letter_small_capital_G                    ;    | /;G    <> U+0262 (voiced    uvular    plosive)
 latin_capital_letter_P         <> latin_letter_glottal_stop                       ;tipa| U+0050 <> U+0294 (voiceless glottal plosive)
;\textbarglotstop               <> latin_letter_glottal_stop_with_stroke           ;tipa|        <> U+02A1 (voiced epiglottal plosive)
 FSL COL latin_capital_letter_P <> latin_letter_glottal_stop_with_stroke           ;    | /:P    <> U+02A1 (voiced epiglottal plosive)
;                                                                                  
;---------------------------------------                                           
; implosive sounds                                                                 
;---------------------------------------                                           
 BSL EXM latin_small_letter_b   <> latin_small_letter_b_with_hook                    ;tipa| \!b <> U+0253 (voiced    bilabial implosive) 
 FSL EXM latin_small_letter_b    > latin_small_letter_b_with_hook                    ;    | /!b <> U+0253 (voiced    bilabial implosive) 
 BSL EXM latin_small_letter_d   <> latin_small_letter_d_with_hook                    ;tipa| \!d <> U+0257 (voiced    dental or alveolor implosive) 
 FSL EXM latin_small_letter_d    > latin_small_letter_d_with_hook                    ;    | /!d <> U+0257 (voiced    dental or alveolor implosive) 
 BSL EXM latin_small_letter_g   <> latin_small_letter_g_with_hook                    ;tipa| \!d <> U+0260 (voiced    velar implosive) 
 FSL EXM latin_small_letter_g    > latin_small_letter_g_with_hook                    ;    | /!d <> U+0260 (voiced    velar implosive) 
 BSL EXM latin_small_letter_j   <> latin_small_letter_dotless_j_with_stroke_and_hook ;tipa| \!j <> U+0284 (voiced    palatal implosive) 
 FSL EXM latin_small_letter_j    > latin_small_letter_dotless_j_with_stroke_and_hook ;    | /!j <> U+0284 (voiced    palatal implosive) 
 BSL EXM latin_capital_letter_G <> latin_letter_small_capital_G_with_hook            ;tipa| \!G <> U+029B (voiced    uvular  implosive) 
 FSL EXM latin_capital_letter_G  > latin_letter_small_capital_G_with_hook            ;    | /!G <> U+029B (voiced    uvular  implosive) 
;\texthtq                       <> latin_small_letter_q_with_hook                    ;tipa|     <> U+02A0 (voiceless uvular  implosive) 
 FSL SCO latin_small_letter_q   <> latin_small_letter_q_with_hook                    ;    | /;q <> U+02A0 (voiceless uvular  implosive) 
;                                                                                  
;---------------------------------------                                           
; affricate sounds                                                                 
;---------------------------------------                                           
 FSL latin_small_letter_t latin_capital_letter_S   <> latin_small_letter_tesh_digraph         ; /tS  <> U+02A7  (voiceless postalveolar affricate) e.g. "ch" in English
 FSL latin_small_letter_c latin_small_letter_h     <> latin_small_letter_tesh_digraph         ; /ch   > U+02A7  (voiceless postalveolar affricate) e.g. "ch" in English
 FSL COL latin_small_letter_t latin_capital_letter_S  > latin_small_letter_t_with_retroflex_hook latin_small_letter_s_with_hook ; /:tS <> U+0288 U+0282 (retroflex Chinese "chi")
 FSL latin_small_letter_d latin_small_letter_z     <> latin_small_letter_dz_digraph           ; /dz  <> U+02A3  
 FSL latin_small_letter_d latin_capital_letter_Z   <> latin_small_letter_dz_digraph_with_curl ; /dZ  <> U+02A5  (voiced alveolo-palatal affricate)
 FSL latin_small_letter_d latin_small_letter_j     <> latin_small_letter_dezh_digraph         ; /dj  <> U+02A4  (voiced    postalveolar affricate)
 FSL latin_small_letter_t latin_small_letter_s     <> latin_small_letter_ts_digraph           ; /ts  <> U+02A6  (voiceless dental       affricate)
 FSL SCO latin_small_letter_d latin_small_letter_z <> latin_small_letter_dz_digraph_with_curl ; /;dz <> U+02A5  (voiced alveolo-palatal affricate)
;
; \textteshlig  <> latin_small_letter_tesh_digraph                                          ;tipa|     <> U+02A7  (voiceless postalveolar affricate) e.g. "ch" in English
; \textdyoghlig <> latin_small_letter_dezh_digraph                                          ;tipa|     <> U+02A4  (voiced postalveolar affricate)
; \texttslig    <> latin_small_letter_ts_digraph                                            ;tipa|     <> U+02A6  (voiceless dental       affricate)
;\textdctzlig   <> latin_small_letter_dz_digraph_with_curl                                  ;tipa|     <> U+02A5  (voiced alveolo-palatal affricate)
;
;                                                                           
;---------------------------------------                                    
; nasal sounds                                                              
;---------------------------------------                                    
;FSL PER latin_small_letter_d   <> latin_small_letter_d_with_dot_below      ;    | /.d    <> U+1E0D
 FSL PER latin_small_letter_l   <> latin_small_letter_l_with_dot_below      ;    | /.l    <> U+1E37
;m                                                                          ;tipa| U+006D <> U+006D (voiced bilabial    nasal)
 latin_capital_letter_M         <> latin_small_letter_m_with_hook           ;tipa| U+004D <> U+0271 (voiced labiodental nasal)
;n                                                                          ;tipa| U+006E <> U+006E (voiced alveolar    nasal)
 BSL COL latin_small_letter_n   <> latin_small_letter_n_with_retroflex_hook ;tipa| \:n    <> U+0273 (voiced retroflex   nasal)
 FSL COL latin_small_letter_n    > latin_small_letter_n_with_retroflex_hook ;    | /:n    <> U+0273 (voiced retroflex   nasal)
 FSL PER latin_small_letter_n   <> latin_small_letter_n_with_dot_below      ;    | /.n    <> U+1E47
;\textltailn                    <> latin_small_letter_n_with_left_hook      ;tipa|        <> U+0272 (voiced palatal     nasal)
 FSL SCO latin_small_letter_n   <> latin_small_letter_n_with_left_hook      ;    | /;n    <> U+0272 (voiced palatal     nasal)
 latin_capital_letter_N         <> latin_small_letter_eng                   ;tipa| U+004E <> U+014B (voiced velar       nasal)
 BSL SCO latin_capital_letter_N <> latin_letter_small_capital_N             ;tipa| \;N    <> U+0274 (voiced uvular      nasal)
 FSL SCO latin_capital_letter_N  > latin_letter_small_capital_N             ;    | /;N    <> U+0274 (voiced uvular      nasal)
;                                                                           
;---------------------------------------                                    
; trill sounds
;---------------------------------------
 BSL SCO latin_capital_letter_B <> latin_letter_small_capital_B             ;tipa| \;B    <> U+0299 (voiced bilabial trill)
 FSL SCO latin_capital_letter_B  > latin_letter_small_capital_B             ;    | /;B    <> U+0299 (voiced bilabial trill)
;r                                                                          ;tipa| U+0072 <> U+0072 (voiced alveolar trill)
 BSL SCO latin_capital_letter_R <> latin_letter_small_capital_R             ;tipa| \;R    <> U+0280 (voiced uvular   trill)
 FSL SCO latin_capital_letter_R  > latin_letter_small_capital_R             ;    | /;R    <> U+0280 (voiced uvular   trill)
; 
;---------------------------------------
; tap or flap sounds
;---------------------------------------
 latin_capital_letter_R         <> latin_small_letter_r_with_fishhook       ;tipa| U+0052 <> U+027E (voiced alveolar flap or tap)
 BSL COL latin_small_letter_r   <> latin_small_letter_r_with_tail           ;tipa| \:r    <> U+027D (voiced retroflex flap)
 FSL COL latin_small_letter_r    > latin_small_letter_r_with_tail           ;    | /:r    <> U+027D (voiced retroflex flap)
;\textturnlonglegr              <> latin_small_letter_turned_r_with_long_leg;tipa|        <> U+027A (voiced lateral flap)
 FSL SCO latin_small_letter_r   <> latin_small_letter_turned_r_with_long_leg;    | /;r    <> U+027A (voiced lateral flap)
; 
;---------------------------------------
; fricative sounds
;---------------------------------------
 latin_capital_letter_F          <> latin_small_letter_phi                    ;tipa| U+0046 <> U+0278  (voiceless bilabial     fricative)
 latin_capital_letter_B          <> greek_small_letter_beta                   ;tipa| U+0042 <> U+03B2  (voiced    bilabial     fricative)
;f                                                                            ;tipa| U+0066 <> U+0066  (voiceless labiodental  fricative)
;v                                                                            ;tipa| U+0076 <> U+0076  (voiced    labiodental  fricative)
 latin_capital_letter_T          <> greek_small_letter_theta                  ;tipa| U+0054 <> U+03B8  (voiceless dental       fricative)
 latin_capital_letter_D          <> latin_small_letter_eth                    ;tipa| U+0044 <> U+00F0  (voiced    dental       fricative)
;s                                                                            ;tipa| U+0073 <> U+0073  (voiceless alveolar     fricative)
;z                                                                            ;tipa| U+007A <> U+007A  (voiced    alveolar     fricative)
 latin_capital_letter_S          <> latin_small_letter_esh                    ;tipa| U+0053 <> U+0283  (voiceless postalveolar fricative)
 latin_capital_letter_Z          <> latin_small_letter_ezh                    ;tipa| U+005A <> U+0292  (voiced    postalveolar fricative)
 BSL COL latin_small_letter_s    <> latin_small_letter_s_with_hook            ;tipa| \:s    <> U+0282  (voiceless retroflex    fricative)
 FSL COL latin_small_letter_s     > latin_small_letter_s_with_hook            ;    | /:s    <> U+0282  (voiceless retroflex    fricative)
 BSL COL latin_small_letter_z    <> latin_small_letter_z_with_retroflex_hook  ;tipa| \:z    <> U+0290  (voiced    retroflex    fricative)
 FSL COL latin_small_letter_z     > latin_small_letter_z_with_retroflex_hook  ;    | /:z    <> U+0290  (voiced    retroflex    fricative)
 BSL latin_small_letter_c LCB latin_small_letter_c RCB <> latin_small_letter_c_with_cedilla    ;tipa| \c{c}  <> U+00E7  (voiceless palatal      fricative)
;FSL latin_small_letter_c LCB latin_small_letter_c RCB  > latin_small_letter_c_with_cedilla ; /c{c}  <> U+00E7  (voiceless palatal      fricative)
 FSL latin_small_letter_c latin_small_letter_c   > latin_small_letter_c_with_cedilla ; /cc  > U+00E7  (voiceless palatal      fricative)
 latin_capital_letter_J          <> latin_small_letter_j_with_crossed_tail    ;tipa| U+004A <> U+029D  (voiced    palatal      fricative)
;x                                                                            ;tipa| U+0078 <> U+0078  (voiceless velar        fricative)
 latin_capital_letter_G          <> latin_small_letter_gamma                  ;tipa| U+0048 <> U+0263  (voiced    velar        fricative)
 latin_capital_letter_X          <> greek_small_letter_chi                    ;tipa| U+0058 <> U+03C7  (voiceless uvular       fricative)
 latin_capital_letter_K          <> latin_letter_small_capital_inverted_R     ;tipa| U+004B <> U+0281  (voiced    uvular       fricative)
;\textcrh                        <> latin_small_letter_h_with_stroke          ;tipa|        <> U+0127  (voiceless pharyngeal   fricative)
 FSL hyphen_minus latin_small_letter_h <> latin_small_letter_h_with_stroke    ;    | /-h     > U+0127  (voiceless pharyngeal   fricative)
 latin_capital_letter_Q          <> latin_letter_pharyngeal_voiced_fricative  ;tipa| U+0051 <> U+0295  (voiced    pharyngeal   fricative)
;h                                                                            ;tipa| U+0068 <> U+0068  (voiceless glottal      fricative)
 latin_capital_letter_H          <> latin_small_letter_h_with_hook            ;tipa| U+0048 <> U+0266  (voiced    glottal      fricative)
 latin_capital_letter_C          <> latin_small_letter_c_with_curl            ;tipa| U+0043 <> U+0255  (voiceless alvelolo-palatal laminal fricative)
 FSL SCO latin_small_letter_h    <> latin_small_letter_heng_with_hook         ;tipa| /;h    <> U+0267  (voiceless coarticulated velar and palatoalveolar fricative)
;\textctesh                      <> latin_small_letter_esh_with_curl          ;tipa|        <> U+0286  (voiceless palatalized postalveolar fricative)
 FSL SCO latin_capital_letter_S  <> latin_small_letter_esh_with_curl          ;    | /;S    <> U+0286  (voiceless palatalized postalveolar fricative)
;\textctz                        <> latin_small_letter_z_with_curl            ;tipa|        <> U+0291  (voiced    alveolo-palatal laminal fricative)
 FSL SCO latin_small_letter_z    <> latin_small_letter_z_with_curl            ;    |        <> U+0291  (voiced    alveolo-palatal laminal fricative)
;\textctyogh                     <> latin_small_letter_ezh_with_curl          ;tipa|        <> U+0291  (voiced    alveolo-palatal laminal fricative)
 FSL SCO latin_capital_letter_Z  <> latin_small_letter_ezh_with_curl          ;    |        <> U+0293  (voiced    palatalized postalveolar fricative)
 BSL SCO latin_capital_letter_H  <> latin_letter_small_capital_H              ;tipa| \;H    <> U+029C  (voiceless epiglottal fricative)
 FSL SCO latin_capital_letter_H   > latin_letter_small_capital_H              ;    | /;H    <> U+029C  (voiceless epiglottal fricative)
;\textbarrevglotstop             <> latin_letter_reversed_glottal_stop_with_stroke ;tipa|   <> U+02A2  (voiced    epiglottal fricative)
 FSL COL latin_capital_letter_Q  <> latin_letter_reversed_glottal_stop_with_stroke ;    |/:Q<> U+02A2  (voiced    epiglottal fricative)
;
;---------------------------------------
; lateral fricative
;---------------------------------------
;\textbeltl                     <> latin_small_letter_l_with_belt             ;tipa|      <> U+026C (voiceless alveolar lateral fricative)
 FSL HYP latin_small_letter_l   <> latin_small_letter_l_with_belt             ;    | /-l  <> U+026C (voiceless alveolar lateral fricative)
;\textlyoghlig                  <> latin_small_letter_lezh                    ;tipa|      <> U+026E (voiced    alveolar lateral fricative)
 FSL SCO latin_small_letter_l   <> latin_small_letter_lezh                    ; /;l       <> U+026E (voiced    alveolar lateral fricative)
;
;---------------------------------------
; approximant sounds
;---------------------------------------
 latin_capital_letter_V         <>  latin_small_letter_v_with_hook            ;tipa| U+0056 <> U+028B (voiced labiodental approximate)
 BSL AST latin_small_letter_r   <> latin_small_letter_turned_r                ;tipa| \*r    <> U+0279 (voiced alveolar    approximant)
 FSL AST latin_small_letter_r    > latin_small_letter_turned_r                ;    | /*r    <> U+0279 (voiced alveolar    approximant)
 BSL COL latin_capital_letter_R <> latin_small_letter_turned_r_with_hook      ;tipa| \:R    <> U+027B (voiced retroflex   approximant)
 FSL COL latin_capital_letter_R  > latin_small_letter_turned_r_with_hook      ;    | /:R    <> U+027B (voiced retroflex   approximant)
;latin_capital_letter_Q          > latin_small_letter_turned_r                ;    | U+0051 <> U+0279 (voiced alveolar    approximant)
;latin_small_letter_r            > latin_small_letter_turned_R                ;    | U+0072 <> U+0279 (voiced alveolar    approximant)
;
;j                                                                            ;tipa| U+006A <> U+006A (voiced palatal     approximant)
;\textturnmrleg                 <> latin_small_letter_turned_m_with_long_leg  ;tipa|        <> U+0270 (voiced velar       approximant)
 FSL AST latin_small_letter_m    > latin_small_letter_turned_m_with_long_leg  ;    | /*m    <> U+0270 (voiced velar       approximant)
 digit_four                     <> latin_small_letter_turned_h                ;tipa| U+0034 <> U+0265 (voiced rounded palatal approximant)
 BSL AST latin_small_letter_w   <> latin_small_letter_turned_w                ;tipa| \*w    <> U+028D (voiceless rounded labiovelar approximant)
 FSL AST latin_small_letter_w    > latin_small_letter_turned_w                ;    | /*w    <> U+028D (voiceless rounded labiovelar approximant)
 FSL latin_small_letter_h latin_small_letter_w   <> modifier_letter_small_h_with_hook latin_small_letter_w                ;    | /hw    <> U+02B1 U+028D (aspirated w as in "white")

;
;---------------------------------------
; lateral approximant sounds
; l                                                                           ;tipa| U+006C <> U+006C (voiced alveolar  lateral approximant)
;---------------------------------------
 BSL COL latin_small_letter_l   <> latin_small_letter_l_with_retroflex_hook   ;tipa| \:l    <> U+026D (voiced retroflex lateral approximant)
 FSL COL latin_small_letter_l    > latin_small_letter_l_with_retroflex_hook   ;    | /:l    <> U+026D (voiced retroflex lateral approximant)
 latin_capital_letter_L         <> latin_small_letter_turned_y                ;tipa| U+004C <> U+028E (voiced palatal   lateral approximant)
 BSL SCO latin_capital_letter_L <> latin_letter_small_capital_L               ;tipa| \;L    <> U+029F (voiced velar     lateral approximant)
 FSL SCO latin_capital_letter_L  > latin_letter_small_capital_L               ;    | /;L    <> U+029F (voiced velar     lateral approximant)
 BSL VLN TIL digit_one          <> latin_small_letter_l_with_middle_tilde     ;tipa| \|~1   <> U+026B (velarized voiced alveolar lateral approximant)
;FSL VLN TIL digit_one           > latin_small_letter_l_with_middle_tilde     ;    | /|~1   <> U+026B (velarized voiced alveolar lateral approximant)
 FSL VLN     digit_one           > latin_small_letter_l_with_middle_tilde     ;    | /|1    <> U+026B (velarized voiced alveolar lateral approximant)
;
;---------------------------------------
; close vowel sounds
;---------------------------------------
;i                                                            ;tipa|                   (close front   unrounded vowel)
;y                                                            ;tipa|                   (close front   rounded   vowel)
 digit_one              <> latin_small_letter_i_with_stroke   ;tipa| U+0031 <> U+0268  (close central unrounded vowel)
 digit_zero             <> latin_small_letter_u_bar           ;tipa| U+0030 <> U+0289  (close central rounded   vowel)
 latin_capital_letter_W <> latin_small_letter_turned_m        ;tipa| U+0057 <> U+026F  (close back    unrounded vowel)
;u                                                            ;tipa|                   (close back    rounded   vowel)
;
;---------------------------------------
; semi-high vowel sounds
;---------------------------------------
 latin_capital_letter_I <> latin_letter_small_capital_I       ;tipa| U+0049 <> U+026A  (semi-high front unrounded vowel)
 latin_capital_letter_Y <> latin_letter_small_capital_Y       ;tipa| U+0059 <> U+028F  (semi-high front rounded   vowel)
 latin_capital_letter_U <> latin_small_letter_upsilon         ;tipa| U+0055 <> U+028A  (semi-high back  rounded   vowel)
; FSL latin_capital_letter_U  > latin_letter_small_capital_U   ;    | /U      > U+1D1C  (semi-high back  rounded   vowel), KK
;FSL latin_capital_letter_U  > U+1D1C ;    | /U      > U+1D1C  (semi-high back  rounded   vowel), KK
 FSL latin_capital_letter_U  > latin_capital_letter_U ;    | /U      > U       (semi-high back  rounded   vowel), KK
;
;---------------------------------------
; close-mid vowel sounds
;---------------------------------------
;e                                                             ;tipa|                   (close-mid front   unrounded vowel)
;o                                                             ;tipa| U+006F <> U+006F  (close-mid back    rounded   vowel)
 BSL latin_small_letter_o <> latin_small_letter_o_with_stroke  ;tipa| \o     <> U+00F8  (close-mid front   rounded   vowel)
 FSL latin_small_letter_o  > latin_small_letter_o_with_stroke  ;    | /o     <> U+00F8  (close-mid front rounded   vowel)
 digit_nine               <> latin_small_letter_reversed_e     ;tipa| U+0039 <> U+0258  (close-mid central unrounded vowel)
 digit_eight              <> latin_small_letter_barred_o       ;tipa| U+0038 <> U+0275  (close-mid central rounded   vowel)
 digit_seven              <> latin_small_letter_rams_horn      ;tipa| U+0037 <> U+0264  (close-mid back    unrounded vowel)
;
;---------------------------------------
; 
;---------------------------------------
 commercial_at            <> latin_small_letter_schwa          ;tipa| U+0040 <> U+0259  (mid central vowel)
 FSL commercial_at latin_small_letter_r       <> latin_small_letter_schwa_with_hook ;tipa| /@r <> U+025A     (r-colored schwa)
 FSL digit_three latin_small_letter_r         <> latin_small_letter_reversed_open_e_with_hook ; /3r <> U+025D  (rhotarized lower-mid central vowel)
;
;---------------------------------------
; open mid vowel sounds
;---------------------------------------
 latin_capital_letter_E                        <> latin_small_letter_open_E                 ;tipa| U+0045 <> U+025B (open-mid front unrounded vowel)
 BSL latin_small_letter_o latin_small_letter_e <> latin_small_ligature_oe                   ;tipa| \oe    <> U+0153 (open-mid front rounded   vowel)
 FSL latin_small_letter_o latin_small_letter_e <> latin_small_ligature_oe                   ;    | /oe    <> U+0153 (open-mid front rounded   vowel)
 FSL COL latin_small_letter_e                  <> latin_small_letter_closed_open_e          ;    | /:e    <> U+029A (lower-mid front rounded   vowel)
 digit_three                                   <> latin_small_letter_reversed_open_E        ;tipa| U+0033 <> U+025C (open mid central unrounded vowel)
;\textcloserevepsilon                          <> latin_small_letter_closed_reversed_open_e ;tipa|        <> U+025E (open mid central rounded   vowel)
 FSL latin_small_letter_e                      <> latin_small_letter_closed_reversed_open_e ;    | /e     <> U+025E (open mid central rounded   vowel)
 digit_two                                     <> latin_small_letter_turned_V               ;tipa| U+0032 <> U+028C (lower-mid back unrounded vowel)
 latin_capital_letter_O                        <> latin_small_letter_open_O                 ;tipa| U+004f <> U+0254 (lower-mid back rounded vowel)
;
;---------------------------------------
; near-open vowel sounds
;---------------------------------------
 BSL latin_small_letter_a latin_small_letter_e <> latin_small_letter_ae         ;tipa| \ae    <> U+00E6 (near-open front unrounded vowel)
 FSL latin_small_letter_a latin_small_letter_e  > latin_small_letter_ae         ;    | /ae    <> U+00E6  
 digit_five                                    <> latin_small_letter_turned_a   ;tipa| U+0035 <> U+0250 (near-open central vowel)
;
;---------------------------------------
; open vowel sounds
;---------------------------------------
;a                                                                                    ;tipa|                  (open front unrounded vowel)
 BSL latin_capital_letter_O latin_capital_letter_E <> latin_letter_small_capital_OE   ;tipa| \OE    <> U+0276 (open front rounded   vowel)
 FSL latin_capital_letter_O latin_capital_letter_E  > latin_letter_small_capital_OE   ;    | /OE    <> U+0276 (open front rounded vowel)
 latin_capital_letter_A                            <> latin_small_letter_alpha        ;tipa| U+0041 <> U+0251 (open back  unrounded vowel)
 digit_six                                         <> latin_small_letter_turned_alpha ;tipa| U+0036 <> U+0252 (open back  rounded   vowel)
;
;---------------------------------------
; apical vowel sounds
;---------------------------------------
 FSL COM latin_small_letter_r                      <> latin_small_letter_reversed_r_with_fishhook   ;    | /;r <> U+027F  (apical dental vowel)
;\textvibyi                                        <> latin_small_letter_squat_reversed esh         ;tipa|     <> U+0285 (apical retroflex vowel)
;\textlhtlongi                                     <> latin_small_letter_reversed_r_with_fishhook   ;tipa|     <> U+027F  (apical dental vowel)
;
;---------------------------------------
; Diacritics
;---------------------------------------
 FSL GTS latin_small_letter_h <>  modifier_letter_small_h      ; />h <> U+02B0
;
;---------------------------------------
; clicks
;---------------------------------------
 BSL AST latin_small_letter_t    <> latin_small_letter_turned_t          ;tipa| \*t <> U+0287 (dental click)
 FSL AST latin_small_letter_t    <> latin_small_letter_turned_t          ;    | /*t <> U+0287 (dental click)
;\textObullseye                  <> latin_letter_bilabial_click          ;tipa|     <> U+0298 (bilabial click)
 FSL PER latin_capital_letter_O  <> latin_letter_bilabial_click          ;    | /.O <> U+0298 (bilabial click)
;\textinvglotstop                <> latin_letter_inverted_glottal_stop   ;tipa|     <> U+0296 (alveolar lateral click)
 FSL COL QUM                     <> latin_letter_inverted_glottal_stop   ;    | /:? <> U+0296 (alveolar lateral click)
;\textstretchc                   <> latin_letter_stretched_c             ;tipa|     <> U+0297 (palatal or alveolar click)
 FSL COL latin_capital_letter_C  <> latin_letter_stretched_c             ;    | /:C <> U+0297 (palatal or alveolar click)




